<!DOCTYPE html>
<html lang="en">
    <head>
        <meta charset="utf-8">
        <meta name="viewport" content="width=device-width, initial-scale=1, shrink-to-fit=no">
        <meta http-equiv="x-ua-compatible" content="ie=edge">
        <meta name="description" content="Static site generation based on Laravel Zero">

        <meta property="og:site_name" content="Kickflip">
        <meta property="og:title" content="404 | Kickflip">
        <meta property="og:description" content="Static site generation based on Laravel Zero">
        <meta property="og:url" content="http://kickflip-docs.test/404.html">
        <meta property="og:image" content="http://kickflip-docs.test/assets/img/logo.png">
        <meta property="og:type" content="website">

        <meta name="twitter:image:alt" content="Kickflip">
        <meta name="twitter:card" content="summary_large_image">

        
        <title>404 | Kickflip</title>
            <link rel="home" href="http://kickflip-docs.test/">
            <link rel="icon" href="http://kickflip-docs.test/favicon.ico">

        
        
        <link href="https://fonts.googleapis.com/css?family=Nunito+Sans:300,300i,400,400i,700,700i,800,800i" rel="stylesheet">
        <link rel="stylesheet" href="http://kickflip-docs.test/assets/build/css/main.css">

            </head>

    <body class="flex flex-col justify-between min-h-screen bg-gray-100 text-gray-800 leading-normal font-sans">
        <header class="flex items-center shadow bg-white border-b h-24 mb-8 py-4" role="banner">
            <div class="container flex items-center max-w-8xl mx-auto px-4 lg:px-8">
                <div class="flex items-center">
                    <a href="/" title="Kickflip home" class="inline-flex items-center">
                        <span class="text-5xl mr-3" alt="Kickflip logo">&#128761;</span>

                        <h1 class="text-lg md:text-2xl text-blue-900 font-semibold hover:text-blue-600 my-0 pr-4">Kickflip</h1>
                    </a>
                </div>

                <div class="flex flex-1 justify-end items-center text-right md:pl-10">
                                    </div>
            </div>

                    </header>

        <main role="main" class="w-full flex-auto">
            <div class="flex flex-col items-center mt-32 text-gray-700">
    <h1 class="text-6xl font-light leading-none mb-2">404</h1>

    <h2 class="text-3xl">Page not found</h2>

    <hr class="block w-full max-w-lg mx-auto my-8 border">

    <p class="text-xl">
        Let's get you back on track, head to the <a href="http://kickflip-docs.test/">Home Page</a>
    </p>
</div>
        </main>

        <script src="http://kickflip-docs.test/assets/build/js/main.js"></script>

        
        <footer class="bg-white text-center text-sm py-4 border-t" role="contentinfo">
    <ul class="flex flex-col md:flex-row justify-center mb-1">
        <li class="md:mr-2">
            Built by <a href="https://github.com/mallardduck">MallardDuck</a> with Kickflip!
        </li>

        <li class="flex flex-col items-center">
            <a href="https://github.com/mallardduck/kickflip" title="Kickflip on GitHub" target="_blank">
                <span class="hidden md:inline-block hover:underline">Contribute on GitHub</span>
                <svg class="md:hidden h-8 md:h-10" xmlns="http://www.w3.org/2000/svg" fill="currentColor" stroke="none" viewbox="0 0 24 24"><path fill-rule="evenodd" clip-rule="evenodd" d="M12.026 2c-5.509 0-9.974 4.465-9.974 9.974 0 4.406 2.857 8.145 6.821 9.465.499.09.679-.217.679-.481 0-.237-.008-.865-.011-1.696-2.775.602-3.361-1.338-3.361-1.338-.452-1.152-1.107-1.459-1.107-1.459-.905-.619.069-.605.069-.605 1.002.07 1.527 1.028 1.527 1.028.89 1.524 2.336 1.084 2.902.829.091-.645.351-1.085.635-1.334-2.214-.251-4.542-1.107-4.542-4.93 0-1.087.389-1.979 1.024-2.675-.101-.253-.446-1.268.099-2.64 0 0 .837-.269 2.742 1.021a9.582 9.582 0 0 1 2.496-.336 9.554 9.554 0 0 1 2.496.336c1.906-1.291 2.742-1.021 2.742-1.021.545 1.372.203 2.387.099 2.64.64.696 1.024 1.587 1.024 2.675 0 3.833-2.33 4.675-4.552 4.922.355.308.675.916.675 1.846 0 1.334-.012 2.41-.012 2.737 0 .267.178.577.687.479C19.146 20.115 22 16.379 22 11.974 22 6.465 17.535 2 12.026 2z"></path></svg>            </a>
        </li>
    </ul>
    <ul class="flex flex-col md:flex-row justify-center mt-1">
        <li>
            <span>Proudly hosted by </span>
            <a href="https://www.netlify.com/pricing/" title="Netlify Free Hosting" target="_blank">
                <span class="hover:underline">Netlify</span>
            </a>
        </li>
    </ul>
</footer>
    </body>
</html>
