
  GET|HEAD       prod .................................................................................................. index
  GET|HEAD       prod/404 ................................................................................................ 404
  GET|HEAD       prod/blog/one ...................................................................................... blog.one
  GET|HEAD       prod/blog/three .................................................................................. blog.three
  GET|HEAD       prod/blog/two ...................................................................................... blog.two
  GET|HEAD       prod/zombies/one ................................................................................ zombies.one
  GET|HEAD       prod/zombies/three ............................................................................ zombies.three
  GET|HEAD       prod/zombies/two ................................................................................ zombies.two

                                                                                                            Showing [8] routes

