<!DOCTYPE html PUBLIC "-//W3C//DTD HTML 4.0 Transitional//EN" "http://www.w3.org/TR/REC-html40/loose.dtd">
<html><body>
<h1>Yo, it's the Posts page</h1>
<section>
    <p>Kickflip is a functional static site generators made from laravel.<br>
I guess it works - in theory - pretty well. -- Dan Pock</p>
</section>
</body></html>
