<html><body>
<h2 id="markdown-without-frontmatter">Markdown Without Frontmatter</h2>
<p>Post content stuff.</p>
</body></html>
