<html><body>
<p>Kickflip is a functional static site generators made from laravel.<br>
I guess it works - in theory - pretty well. -- {{ $author }}</p>
</body></html>
