<!DOCTYPE html PUBLIC "-//W3C//DTD HTML 4.0 Transitional//EN" "http://www.w3.org/TR/REC-html40/loose.dtd">
<html><body>
<h2 id="markdown-without-frontmatter">Markdown Without Frontmatter</h2>
<p>Post content stuff.</p>
</body></html>
