<html><body>
<h1 id="my-awesome-heading">My awesome heading!</h1>
<p>My awesome content!</p>
</body></html>
