<!DOCTYPE html>
<html lang="en">
    <head>
        <meta charset="utf-8">
        <meta name="viewport" content="width=device-width, initial-scale=1, shrink-to-fit=no">
        <meta http-equiv="x-ua-compatible" content="ie=edge">
        <meta name="description" content="The static site generation based on Laravel Zero">
        <meta property="og:site_name" content="Kickflip">
        <meta property="og:title" content="Three | Kickflip">
        <meta property="og:description" content="The static site generation based on Laravel Zero">
        <meta property="og:url" content="http://kickflip.test/zombies/three">
        <meta property="og:image" content="http://kickflip.test/assets/img/logo.png">
        <meta property="og:type" content="website">
        <meta name="twitter:image:alt" content="Kickflip">
        <meta name="twitter:card" content="summary_large_image">
        <title>Three | Kickflip</title>
        <base href="http://kickflip.test/">
        <link rel="home" href="http://kickflip.test/">
        <link rel="icon" href="http://kickflip.test/favicon.ico">
        <link href="https://fonts.googleapis.com/css?family=Nunito+Sans:300,300i,400,400i,700,700i,800,800i" rel="stylesheet">
        <link rel="stylesheet" href="http://kickflip.test/assets/build/css/main.css">
    </head>
    <body class="flex flex-col justify-between min-h-screen bg-gray-100 text-gray-800 leading-normal font-sans">
        <main role="main" class="w-full flex-auto prose mx-auto mb-2">
            <header class="bg-slate-500 p-2">
                <h1 class="text-lg text-white m-0">Blog Example</h1>
            </header>
            <article>
                <h1 id="post-three">Post Three</h1>
                <p>Incubator hackathon creative lean startup handshake entrepreneur responsive web design burn rate focus. Supply chain virality android metrics responsive web design freemium iPad ramen buyer founders focus investor technology twitter. Twitter buzz validation ecosystem buyer virality. Monetization entrepreneur vesting period bootstrapping series A financing founders investor success social proof crowdfunding hypotheses burn rate agile development business plan.</p>
                <p>Gen-z branding infographic vesting period niche market. Angel investor facebook bandwidth prototype stock traction crowdfunding iPhone technology buzz metrics startup seed round buyer. Partner network freemium first mover advantage low hanging fruit monetization mass market. Founders virality interaction design angel investor business model canvas.</p>
            </article>
            <section>
                <nav role="navigation" aria-label="Pagination Navigation" class="flex justify-between"><a href="/zombies/two" rel="prev" class="relative inline-flex items-center px-4 py-2 text-sm font-medium text-gray-700 bg-white border border-gray-300 leading-5 rounded-md hover:text-gray-500 focus:outline-none focus:ring ring-gray-300 focus:border-blue-300 active:bg-gray-100 active:text-gray-700 transition ease-in-out duration-150">&laquo; Previous</a> <span class="relative inline-flex items-center px-4 py-2 text-sm font-medium text-gray-500 bg-white border border-gray-300 cursor-default leading-5 rounded-md">Next &raquo;</span></nav>
            </section>
        </main>
        <script src="http://kickflip.test/assets/build/js/main.js"></script>
        <footer class="bg-white text-center text-sm py-4 border-t" role="contentinfo">
            <ul class="flex flex-col md:flex-row justify-center">
                <li class="md:mr-2">Built by <a href="https://github.com/mallardduck">MallardDuck</a> with Kickflip!</li>
                <li class="flex flex-col items-center"><a href="https://github.com/mallardduck/kickflip" title="Kickflip on GitHub" target="_blank">Contribute on GitHub</a></li>
            </ul>
        </footer>
    </body>
</html>
