<!DOCTYPE html>
<html lang="en">
<head>
<meta charset="utf-8">
<meta name="viewport" content="width=device-width, initial-scale=1, shrink-to-fit=no">
<meta http-equiv="x-ua-compatible" content="ie=edge">
<meta name="description" content="The static site generation based on Laravel Zero">
<meta property="og:site_name" content="Kickflip">
<meta property="og:title" content="Two | Kickflip">
<meta property="og:description" content="The static site generation based on Laravel Zero">
<meta property="og:url" content="http://kickflip.test/prod/zombies/two">
<meta property="og:image" content="http://kickflip.test/prod/assets/img/logo.png">
<meta property="og:type" content="website">
<meta name="twitter:image:alt" content="Kickflip">
<meta name="twitter:card" content="summary_large_image">
<title>Two | Kickflip</title>
<base href="http://kickflip.test/prod/">
<link rel="home" href="http://kickflip.test/prod/">
<link rel="icon" href="http://kickflip.test/prod/favicon.ico">
<link href="https://fonts.googleapis.com/css?family=Nunito+Sans:300,300i,400,400i,700,700i,800,800i" rel="stylesheet">
<link rel="stylesheet" href="http://kickflip.test/prod/assets/build/css/main.css?id=a24f0814f485098fa57c">
</head>
<body class="flex flex-col justify-between min-h-screen bg-gray-100 text-gray-800 leading-normal font-sans">
<main role="main" class="w-full flex-auto prose mx-auto mb-2"><header class="bg-slate-500 p-2"><h1 class="text-lg text-white m-0">Blog Example</h1></header><article><h1 id="post-two">Post Two</h1>
<p>We aim to dynamically impact our deliverable by proactively relaying our end-to-end best-in-class standard setters. In the visibility space, industry is intelligently transforming its customer-focused verticals. Efficiencies will come from iteratively right-sizing our alignments. We thrive because of our seamless market focus and holistic cloud culture.</p>
<p>Going forward, our immersive enterprise will deliver value to core competencies. We use our mission critical standpoints to conservatively manage our emerging market expectations. It's critical that we give 110% when ethically calibrating core assets. We thrive because of our mobile silo and next-generation executive search culture.</p></article><section><nav role="navigation" aria-label="Pagination Navigation" class="flex justify-between"><a href="/zombies/one" rel="prev" class="relative inline-flex items-center px-4 py-2 text-sm font-medium text-gray-700 bg-white border border-gray-300 leading-5 rounded-md hover:text-gray-500 focus:outline-none focus:ring ring-gray-300 focus:border-blue-300 active:bg-gray-100 active:text-gray-700 transition ease-in-out duration-150">&laquo; Previous</a><a href="/zombies/three" rel="next" class="relative inline-flex items-center px-4 py-2 text-sm font-medium text-gray-700 bg-white border border-gray-300 leading-5 rounded-md hover:text-gray-500 focus:outline-none focus:ring ring-gray-300 focus:border-blue-300 active:bg-gray-100 active:text-gray-700 transition ease-in-out duration-150">Next &raquo;</a></nav></section></main><script src="http://kickflip.test/prod/assets/build/js/main.js">Contribute on GitHub</script>
</body>
</html>
