<!DOCTYPE html>
<html lang="en">
    <head>
        <meta charset="utf-8">
        <meta name="viewport" content="width=device-width, initial-scale=1, shrink-to-fit=no">
        <meta http-equiv="x-ua-compatible" content="ie=edge">
        <meta name="description" content="The static site generation based on Laravel Zero">

        <meta property="og:site_name" content="Kickflip">
        <meta property="og:title" content="One | Kickflip">
        <meta property="og:description" content="The static site generation based on Laravel Zero">
        <meta property="og:url" content="http://kickflip.test/prod/zombies/one">
        <meta property="og:image" content="http://kickflip.test/prod/assets/img/logo.png">
        <meta property="og:type" content="website">

        <meta name="twitter:image:alt" content="Kickflip">
        <meta name="twitter:card" content="summary_large_image">

        <title>One | Kickflip</title>
        <base href="http://kickflip.test/prod/">
        <link rel="home" href="http://kickflip.test/prod/">
        <link rel="icon" href="http://kickflip.test/prod/favicon.ico">

        
        <link href="https://fonts.googleapis.com/css?family=Nunito+Sans:300,300i,400,400i,700,700i,800,800i" rel="stylesheet">
        <link rel="stylesheet" href="http://kickflip.test/prod/assets/build/css/main.css">
    </head>

    <body class="flex flex-col justify-between min-h-screen bg-gray-100 text-gray-800 leading-normal font-sans">
            <main role="main" class="w-full flex-auto prose mx-auto mb-2">
        <header class="bg-slate-500 p-2">
            <h1 class="text-lg text-white m-0">Blog Example</h1>
        </header>
        <article>
            <h1 id="post-one">Post One</h1>
<p>Company-wide verticals dynamically enable proactive stand-ups for our standpoints. Change the way you do business - adopt senior capabilities. We aim to virtually deep-dive our visibility by effectively facilitating our next-generation innovative game changers. Going forward, our knowledge transfer industry leader will deliver value to bandwidths.</p>
<p>Our Value-Added Dot-Bomb solution offers paradigm shifts a suite of immersive offerings. In the future, will you be able to intelligently synergise platforms in your business? We thrive because of our unparalleled step-change and customer-focused milestone culture. Our brand development lifecycle enables best-in-class, corporate enterprises.</p>
        </article>
        <section>
            <nav role="navigation" aria-label="Pagination Navigation" class="flex justify-between">
        
                    <span class="relative inline-flex items-center px-4 py-2 text-sm font-medium text-gray-500 bg-white border border-gray-300 cursor-default leading-5 rounded-md">
                &laquo; Previous
            </span>
        
        
                    <a href="/zombies/two" rel="next" class="relative inline-flex items-center px-4 py-2 text-sm font-medium text-gray-700 bg-white border border-gray-300 leading-5 rounded-md hover:text-gray-500 focus:outline-none focus:ring ring-gray-300 focus:border-blue-300 active:bg-gray-100 active:text-gray-700 transition ease-in-out duration-150">
                Next &raquo;
            </a>
            </nav>

        </section>
    </main>

        <script src="http://kickflip.test/prod/assets/build/js/main.js"></script>
                <footer class="bg-white text-center text-sm py-4 border-t" role="contentinfo">
            <ul class="flex flex-col md:flex-row justify-center">
                <li class="md:mr-2">
                    Built by <a href="https://github.com/mallardduck">MallardDuck</a> with Kickflip!
                </li>

                <li class="flex flex-col items-center">
                    <a href="https://github.com/mallardduck/kickflip" title="Kickflip on GitHub" target="_blank">
                        Contribute on GitHub
                    </a>
                </li>
            </ul>
        </footer>
    </body>
</html>
