<!DOCTYPE html>
<html lang="en">
    <head>
        <meta charset="utf-8">
        <meta name="viewport" content="width=device-width, initial-scale=1, shrink-to-fit=no">
        <meta http-equiv="x-ua-compatible" content="ie=edge">
        <meta name="description" content="The static site generation based on Laravel Zero">

        <meta property="og:site_name" content="Kickflip">
        <meta property="og:title" content="404 | Kickflip">
        <meta property="og:description" content="The static site generation based on Laravel Zero">
        <meta property="og:url" content="http://kickflip.test/prod/404">
        <meta property="og:image" content="http://kickflip.test/prod/assets/img/logo.png">
        <meta property="og:type" content="website">

        <meta name="twitter:image:alt" content="Kickflip">
        <meta name="twitter:card" content="summary_large_image">

        <title>404 | Kickflip</title>
        <base href="http://kickflip.test/prod/">
        <link rel="home" href="http://kickflip.test/prod/">
        <link rel="icon" href="http://kickflip.test/prod/favicon.ico">

        
        <link href="https://fonts.googleapis.com/css?family=Nunito+Sans:300,300i,400,400i,700,700i,800,800i" rel="stylesheet">
        <link rel="stylesheet" href="http://kickflip.test/prod/assets/build/css/main.css">
    </head>

    <body class="flex flex-col justify-between min-h-screen bg-gray-100 text-gray-800 leading-normal font-sans">
        <header class="relative flex items-top justify-center min-h-screen bg-gray-100 dark:text-neutral-50 dark:bg-gray-900 sm:items-center py-4 sm:pt-0" role="banner">
            Hello, world!
            <span class="text-5xl">&#128761;</span>
        </header>

        <main role="main" class="w-full flex-auto prose mx-auto mb-2">
            <div class="flex flex-col items-center mt-32 text-gray-700">
    <h1 class="text-6xl font-light leading-none mb-2">404</h1>

    <h2 class="text-3xl">Page not found</h2>

    <hr class="block w-full max-w-lg mx-auto my-8 border">

    <p class="text-xl">
        Let's get you back on track, head to the <a href="http://kickflip.test/prod/">Home Page</a>
    </p>
</div>
        </main>

        <script src="http://kickflip.test/prod/assets/build/js/main.js"></script>
                <footer class="bg-white text-center text-sm py-4 border-t" role="contentinfo">
            <ul class="flex flex-col md:flex-row justify-center">
                <li class="md:mr-2">
                    Built by <a href="https://github.com/mallardduck">MallardDuck</a> with Kickflip!
                </li>

                <li class="flex flex-col items-center">
                    <a href="https://github.com/mallardduck/kickflip" title="Kickflip on GitHub" target="_blank">
                        Contribute on GitHub
                    </a>
                </li>
            </ul>
        </footer>
    </body>
</html>
