<!DOCTYPE html>
<html lang="en">
<head>
<meta charset="utf-8">
<meta name="viewport" content="width=device-width, initial-scale=1, shrink-to-fit=no">
<meta http-equiv="x-ua-compatible" content="ie=edge">
<meta name="description" content="The static site generation based on Laravel Zero">
<meta property="og:site_name" content="Kickflip">
<meta property="og:title" content="Getting Started | Kickflip">
<meta property="og:description" content="The static site generation based on Laravel Zero">
<meta property="og:url" content="http://kickflip.test/prod/">
<meta property="og:image" content="http://kickflip.test/prod/assets/img/logo.png">
<meta property="og:type" content="website">
<meta name="twitter:image:alt" content="Kickflip">
<meta name="twitter:card" content="summary_large_image">
<title>Getting Started | Kickflip</title>
<base href="http://kickflip.test/prod/">
<link rel="home" href="http://kickflip.test/prod/">
<link rel="icon" href="http://kickflip.test/prod/favicon.ico">
<link href="https://fonts.googleapis.com/css?family=Nunito+Sans:300,300i,400,400i,700,700i,800,800i" rel="stylesheet">
<link rel="stylesheet" href="http://kickflip.test/prod/assets/build/css/main.css">
</head>
<body>
<p>}}
<span class="line"></span></p>
<blockquote><p>Results: The 404 page URL is: /404</p></blockquote>
<blockquote><p>For a more "batteries included" experience that allows you to use the <code>UrlGenerator</code>based methods, checkout the optional <a href="https://github.com/KickflipCli/kickflip-router-nav-plugin">KickflipCli/kickflip-router-nav-plugin</a>.</p></blockquote>
<p>However, when it comes to asset URLs we do have access to Mix via a conveniently pre-configured <code>KickflipHelpers::mix()</code>and <code>KickflipHelpers::asset()</code>methods. These work the same as they do in Laravel, just pre-configured for Kickflip's folder structure. It all even works without the router nav plugin!</p>
<h2 id="using-laravel-packages">Using Laravel Packages</h2>
<p>Be cautions to not try and use a package that requires PHP to handle logic. Kickflip can only render HTML sites out of your code, but it will not have a API/Backend!</p>
<h3 id="registering-laravel-package-service-providers">Registering Laravel Package Service Providers</h3>
<p>Kickflip will allow you to register packages similar to how in Laravel's <code>config/app.php</code>file you can register providers. Unlike Laravel's <code>app.providers</code>config, in kickflip our config file has <code>providePackages</code>index.</p>
<p>To use Blade Icons, for example, require a icon package and then update the config as:</p>
<pre class="shiki" style="background-color: #ffffff"><code><span class="line"><span style="color: #24292F">    </span><span style="color: #6E7781">// Composer packages with laravel providers to load</span></span>
<span class="line"><span style="color: #24292F">    </span><span style="color: #0A3069">'providePackages'</span><span style="color: #24292F"> </span><span style="color: #CF222E">=&gt;</span><span style="color: #24292F"> [</span></span>
<span class="line"><span style="color: #24292F">        </span><span style="color: #0550AE">BladeIconsServiceProvider</span><span style="color: #CF222E">::class</span><span style="color: #24292F">,</span></span>
<span class="line"><span style="color: #24292F">        </span><span style="color: #0550AE">BladeBoxiconsServiceProvider</span><span style="color: #CF222E">::class</span><span style="color: #24292F">,</span></span>
<span class="line"><span style="color: #24292F">    ],</span></span>
<span class="line"></span></code></pre>
<p>You must manually load dependant services too - as such in the example above we load both the general <code>BladeIconsServiceProvider::class</code>provider and the icon package.</p>
<h1 id="learn-more">Learn More!</h1>
<p>To learn more, check out the official <a href="#add-docs-link">Kickflip Docs</a>!</p>
<script src="http://kickflip.test/prod/assets/build/js/main.js">Contribute on GitHub</script>
</body>
</html>
