Kickflip\KickflipKernel:
    __construct: '<DUMMY VALUE>'
Kickflip\Providers\InitServiceProvider:
    register: '<DUMMY VALUE>'
    boot: '<DUMMY VALUE>'
Kickflip\Providers\KickflipServiceProvider:
    register: '<DUMMY VALUE>'
    registerSemiAutoloadProviders: '<DUMMY VALUE>'
    boot: '<DUMMY VALUE>'
NotStatic:
    stepOne: '<DUMMY VALUE>'
    extended: { Static: { stepTwo: '<DUMMY VALUE>' } }
